

U-Boot 1.1.4 (Jun  2 2016 - 03:24:22)

bsb002 - Honey Bee 2.0DRAM:
sri
Honey Bee 2.0
ath_ddr_initial_config(195): (16bit) ddr2 init
tap = 0x00000003
Tap (low, high) = (0x8, 0x23)
Tap values = (0x15, 0x15, 0x15, 0x15)
64 MB
Top of RAM usable for U-Boot at: 84000000
Reserving 215k for U-Boot at: 83fc8000
Reserving 192k for malloc() at: 83f98000
Reserving 44 Bytes for Board Info at: 83f97fd4
Reserving 36 Bytes for Global Data at: 83f97fb0
Reserving 128k for boot params() at: 83f77fb0
Stack Pointer at: 83f77f98
Now running in RAM - U-Boot at: 83fc8000
Flash Manuf Id 0xc8, DeviceId0 0x40, DeviceId1 0x13
flash size 0MB, sector count = 8
Flash: 512 kB
*** Warning *** : PCIe WLAN Module not found !!!
In:    serial
Out:   serial
Err:   serial
Net:   ath_gmac_enet_initialize...
Fetching MAC Address from 0x83febfe0
Fetching MAC Address from 0x83febfe0
ath_gmac_enet_initialize: reset mask:c02200
Scorpion ---->S27 PHY*
S27 reg init
: cfg1 0x800c0000 cfg2 0x7114
eth0: 00:03:7f:11:20:ce
athrs27_phy_setup ATHR_PHY_CONTROL 4 :1000
athrs27_phy_setup ATHR_PHY_SPEC_STAUS 4 :10
eth0 up
Honey Bee ---->  MAC 1 S27 PHY *
S27 reg init
ATHRS27: resetting s27
ATHRS27: s27 reset done
: cfg1 0x800c0000 cfg2 0x7214
eth1: 00:17:88:6b:a3:9e
athrs27_phy_setup ATHR_PHY_CONTROL 0 :1000
athrs27_phy_setup ATHR_PHY_SPEC_STAUS 0 :10
athrs27_phy_setup ATHR_PHY_CONTROL 1 :1000
athrs27_phy_setup ATHR_PHY_SPEC_STAUS 1 :10
athrs27_phy_setup ATHR_PHY_CONTROL 2 :1000
athrs27_phy_setup ATHR_PHY_SPEC_STAUS 2 :10
athrs27_phy_setup ATHR_PHY_CONTROL 3 :1000
athrs27_phy_setup ATHR_PHY_SPEC_STAUS 3 :10
eth1 up
eth0, eth1
Qualcomm Atheros SPI NAND Driver, Version 0.1 (c) 2014  Qualcomm Atheros Inc.
====== NAND Parameters ======
sc = 0x83ff7060 page = 0x800 block = 0x20000
Setting 0x181162c0 to 0x3871a100
Hit any key to stop autoboot:  0

Loading from device 0: ath-spi-nand (offset 0x0)
   Image Name:   MIPS OpenWrt Linux-3.14
   Created:      2016-06-02  11:01:38 UTC
   Image Type:   MIPS Linux Kernel Image (lzma compressed)
   Data Size:    1292435 Bytes =  1.2 MB
   Load Address: 80060000
   Entry Point:  80060000
## Booting image at 81000000 ...
   Image Name:   MIPS OpenWrt Linux-3.14
   Created:      2016-06-02  11:01:38 UTC
   Image Type:   MIPS Linux Kernel Image (lzma compressed)
   Data Size:    1292435 Bytes =  1.2 MB
   Load Address: 80060000
   Entry Point:  80060000
   Verifying Checksum at 0x81000040 ...OK
   Uncompressing Kernel Image ... OK
No initrd
## Transferring control to Linux (at address 80060000) ...
## Giving linux memsize in bytes, 67108864

Starting kernel ...

[    0.000000] Linux version 3.14.0 (huebridge@huebridgelinuxbuild) (gcc version 4.8.3 (OpenWr                                                                                                                                                                                                                                                     t/Linaro GCC 4.8-2014.01 r40838) ) #17 Thu Jun 2 13:01:27 CEST 2016
[    0.000000] bootconsole [early0] enabled
[    0.000000] CPU0 revision is: 00019374 (MIPS 24Kc)
[    0.000000] SoC: Qualcomm Atheros QCA9533 rev 2
[    0.000000] Determined physical RAM map:
[    0.000000]  memory: 04000000 @ 00000000 (usable)
[    0.000000] User-defined physical RAM map:
[    0.000000]  memory: 04000000 @ 00000000 (usable)
[    0.000000] Initrd not found or empty - disabling initrd
[    0.000000] Zone ranges:
[    0.000000]   Normal   [mem 0x00000000-0x03ffffff]
[    0.000000] Movable zone start for each node
[    0.000000] Early memory node ranges
[    0.000000]   node   0: [mem 0x00000000-0x03ffffff]
[    0.000000] Primary instruction cache 64kB, VIPT, 4-way, linesize 32 bytes.
[    0.000000] Primary data cache 32kB, 4-way, VIPT, cache aliases, linesize 32 bytes
[    0.000000] Built 1 zonelists in Zone order, mobility grouping on.  Total pages: 16256
[    0.000000] Kernel command line:  ubi.mtd=5 board=BSB002 console=ttyS0,115200 ubi.mtd=overl                                                                                                                                                                                                                                                     ay rootfs=/dev/mtdblock:rootfs rootfstype=squashfs noinitrd init=/sbin/init mtdparts=spi0.0:25                                                                                                                                                                                                                                                     6k(u-boot)ro,128k(u-boot-env),64k(reserved),64k(art);spi0.1:4m(kernel-0)ro,40m(root-0),4m(kern                                                                                                                                                                                                                                                     el-1),40m(root-1),-(overlay) mem=64M rootfstype=squashfs,jffs2 noinitrd
[    0.000000] PID hash table entries: 256 (order: -2, 1024 bytes)
[    0.000000] Dentry cache hash table entries: 8192 (order: 3, 32768 bytes)
[    0.000000] Inode-cache hash table entries: 4096 (order: 2, 16384 bytes)
[    0.000000] Writing ErrCtl register=00000000
[    0.000000] Readback ErrCtl register=00000000
[    0.000000] Memory: 60496K/65536K available (2873K kernel code, 146K rwdata, 616K rodata, 1                                                                                                                                                                                                                                                     96K init, 190K bss, 5040K reserved)
[    0.000000] SLUB: HWalign=32, Order=0-3, MinObjects=0, CPUs=1, Nodes=1
[    0.000000] NR_IRQS:51
[    0.000000] Clocks: CPU:650.000MHz, DDR:597.656MHz, AHB:216.666MHz, Ref:25.000MHz
[    0.000000] Calibrating delay loop... 432.53 BogoMIPS (lpj=2162688)
[    0.060000] pid_max: default: 32768 minimum: 301
[    0.060000] Mount-cache hash table entries: 1024 (order: 0, 4096 bytes)
[    0.070000] Mountpoint-cache hash table entries: 1024 (order: 0, 4096 bytes)
[    0.070000] NET: Registered protocol family 16
[    0.080000] MIPS: machine is Philips BSB002 board
[    0.090000] ar71xx: invalid MDIO id 1
[    0.500000] bio: create slab <bio-0> at 0
[    0.510000] usbcore: registered new interface driver usbfs
[    0.510000] usbcore: registered new interface driver hub
[    0.520000] usbcore: registered new device driver usb
[    0.520000] Switched to clocksource MIPS
[    0.530000] NET: Registered protocol family 2
[    0.530000] TCP established hash table entries: 1024 (order: 0, 4096 bytes)
[    0.530000] TCP bind hash table entries: 1024 (order: 0, 4096 bytes)
[    0.540000] TCP: Hash tables configured (established 1024 bind 1024)
[    0.550000] TCP: reno registered
[    0.550000] UDP hash table entries: 256 (order: 0, 4096 bytes)
[    0.550000] UDP-Lite hash table entries: 256 (order: 0, 4096 bytes)
[    0.560000] NET: Registered protocol family 1
[    0.570000] futex hash table entries: 256 (order: -1, 3072 bytes)
[    0.590000] squashfs: version 4.0 (2009/01/31) Phillip Lougher
[    0.590000] jffs2: version 2.2 (NAND) (SUMMARY) (LZMA) (RTIME) (CMODE_PRIORITY) (c) 2001-20                                                                                                                                                                                                                                                     06 Red Hat, Inc.
[    0.600000] msgmni has been set to 118
[    0.610000] io scheduler noop registered
[    0.610000] io scheduler deadline registered (default)
[    0.620000] Serial: 8250/16550 driver, 1 ports, IRQ sharing disabled
[    0.640000] serial8250.0: ttyS0 at MMIO 0x18020000 (irq = 11, base_baud = 1562500) is a 165                                                                                                                                                                                                                                                     50A
[    0.650000] console [ttyS0] enabled
[    0.650000] console [ttyS0] enabled
[    0.660000] bootconsole [early0] disabled
[    0.660000] bootconsole [early0] disabled
[    0.670000] m25p80 spi0.0: found gd25d40, expected m25p80
[    0.680000] m25p80 spi0.0: gd25d40 (512 Kbytes)
[    0.680000] 4 cmdlinepart partitions found on MTD device spi0.0
[    0.690000] Creating 4 MTD partitions on "spi0.0":
[    0.690000] 0x000000000000-0x000000040000 : "u-boot"
[    0.700000] 0x000000040000-0x000000060000 : "u-boot-env"
[    0.710000] 0x000000060000-0x000000070000 : "reserved"
[    0.710000] 0x000000070000-0x000000080000 : "art"
[    0.720000] nand: device found, Manufacturer ID: 0xc8, Chip ID: 0xb1
[    0.730000] nand: Giga Device GD5F1GQ4U 1G 3.3V 8-bit
[    0.730000] nand: 128MiB, SLC, page size: 2048, OOB size: 128
[    0.740000] Scanning device for bad blocks
[    0.850000] Bad eraseblock 768 at 0x000006000000
[    0.890000] Bad eraseblock 1023 at 0x000007fe0000
[    0.900000] 5 cmdlinepart partitions found on MTD device spi0.1
[    0.900000] Creating 5 MTD partitions on "spi0.1":
[    0.910000] 0x000000000000-0x000000400000 : "kernel-0"
[    0.910000] 0x000000400000-0x000002c00000 : "root-0"
[    0.920000] 0x000002c00000-0x000003000000 : "kernel-1"
[    0.930000] 0x000003000000-0x000005800000 : "root-1"
[    0.930000] 0x000005800000-0x000008000000 : "overlay"
[    0.960000] libphy: ag71xx_mdio: probed
[    1.600000] ag71xx ag71xx.0: connected to PHY at ag71xx-mdio.1:04 [uid=004dd042, driver=Gen                                                                                                                                                                                                                                                     eric PHY]
[    1.610000] eth0: Atheros AG71xx at 0xb9000000, irq 4, mode:MII
[    2.170000] ag71xx-mdio.1: Found an AR934X built-in switch
[    3.200000] eth1: Atheros AG71xx at 0xba000000, irq 5, mode:GMII
[    3.200000] ehci_hcd: USB 2.0 'Enhanced' Host Controller (EHCI) Driver
[    3.210000] ehci-pci: EHCI PCI platform driver
[    3.220000] ehci-platform: EHCI generic platform driver
[    3.220000] ehci-platform ehci-platform: EHCI Host Controller
[    3.230000] ehci-platform ehci-platform: new USB bus registered, assigned bus number 1
[    3.240000] ehci-platform ehci-platform: irq 3, io mem 0x1b000000
[    3.260000] ehci-platform ehci-platform: USB 2.0 started, EHCI 1.00
[    3.260000] hub 1-0:1.0: USB hub found
[    3.270000] hub 1-0:1.0: 1 port detected
[    3.270000] usbcore: registered new interface driver cdc_acm
[    3.280000] cdc_acm: USB Abstract Control Model driver for USB modems and ISDN adapters
[    3.290000] usbcore: registered new interface driver usbserial
[    3.290000] usbcore: registered new interface driver pl2303
[    3.300000] usbserial: USB Serial support registered for pl2303
[    3.300000] i2c /dev entries driver
[    3.310000] TCP: cubic registered
[    3.310000] NET: Registered protocol family 17
[    3.320000] 8021q: 802.1Q VLAN Support v1.8
[    3.330000] UBI: attaching mtd5 to ubi0
[    3.990000] UBI: scanning is finished
[    4.020000] UBI: attached mtd5 (name "root-0", size 40 MiB) to ubi0
[    4.030000] UBI: PEB size: 131072 bytes (128 KiB), LEB size: 126976 bytes
[    4.030000] UBI: min./max. I/O unit sizes: 2048/2048, sub-page size 2048
[    4.040000] UBI: VID header offset: 2048 (aligned 2048), data offset: 4096
[    4.050000] UBI: good PEBs: 320, bad PEBs: 0, corrupted PEBs: 0
[    4.050000] UBI: user volume: 1, internal volumes: 1, max. volumes count: 128
[    4.060000] UBI: max/mean erase counter: 1/0, WL threshold: 4096, image sequence number: 1342603348
[    4.070000] UBI: available PEBs: 265, total reserved PEBs: 55, PEBs reserved for bad PEB handling: 20
[    4.080000] UBI: background thread "ubi_bgt0d" started, PID 301
[    4.090000] mtd: device 9 (rootfs) set to be root filesystem
[    4.090000] UBI: attaching mtd8 to ubi1
[    4.750000] UBI: scanning is finished
[    4.780000] UBI: attached mtd8 (name "overlay", size 40 MiB) to ubi1
[    4.790000] UBI: PEB size: 131072 bytes (128 KiB), LEB size: 126976 bytes
[    4.800000] UBI: min./max. I/O unit sizes: 2048/2048, sub-page size 2048
[    4.800000] UBI: VID header offset: 2048 (aligned 2048), data offset: 4096
[    4.810000] UBI: good PEBs: 318, bad PEBs: 2, corrupted PEBs: 0
[    4.820000] UBI: user volume: 1, internal volumes: 1, max. volumes count: 128
[    4.830000] UBI: max/mean erase counter: 2/1, WL threshold: 4096, image sequence number: 1378584858
[    4.830000] UBI: available PEBs: 0, total reserved PEBs: 318, PEBs reserved for bad PEB handling: 18
[    4.840000] UBI: background thread "ubi_bgt1d" started, PID 312
[    4.860000] VFS: Mounted root (squashfs filesystem) readonly on device 31:9.
[    4.870000] Freeing unused kernel memory: 196K (803ef000 - 80420000)
procd: Console is alive
procd: - watchdog -
procd: - preinit -
[    7.720000] Button Hotplug driver version 0.4.1
[    7.840000] random: mktemp urandom read with 57 bits of entropy available
Press the [f] key and hit [enter] to enter failsafe mode
Press the [1], [2], [3] or [4] key and hit [enter] to select the debug level
jffs2 is ready[   11.070000] jffs2: write-buffering enabled buffer (2048) erasesize (126976)

[   11.150000] jffs2: notice: (364) jffs2_build_xattr_subsystem: complete building xattr subsystem, 1 of xdatum (0 unchecked, 0 orphan) and 10 of xref (0 dead, 2 orphan) found.
switching to jffs2
procd: - early -
procd: - watchdog -
procd: - ubus -
procd: - init -
Please press Enter to activate this console.
[   12.520000] NET: Registered protocol family 10
[   12.540000] nf_conntrack version 0.5.0 (948 buckets, 3792 max)
[   12.560000] ip6_tables: (C) 2000-2006 Netfilter Core Team
[   12.580000] i2c-gpio i2c-gpio.0: using pins 12 (SDA) and 16 (SCL)
[   12.600000] Loading modules backported from Linux version v3.2-rc1-260078-g9e5a9a3
[   12.600000] Backport generated by backports.git backports-20150626-0-gc1a4168
[   12.610000] ip_tables: (C) 2000-2006 Netfilter Core Team
[   12.650000] xt_time: kernel timezone is -0000
[   12.700000] cfg80211: World regulatory domain updated:
[   12.700000] cfg80211:  DFS Master region: unset
[   12.710000] cfg80211:   (start_freq - end_freq @ bandwidth), (max_antenna_gain, max_eirp), (dfs_cac_time)
[   12.720000] cfg80211:   (2402000 KHz - 2472000 KHz @ 40000 KHz), (N/A, 2000 mBm), (N/A)
[   12.720000] cfg80211:   (2457000 KHz - 2482000 KHz @ 40000 KHz), (N/A, 2000 mBm), (N/A)
[   12.730000] cfg80211:   (2474000 KHz - 2494000 KHz @ 20000 KHz), (N/A, 2000 mBm), (N/A)
[   12.740000] cfg80211:   (5170000 KHz - 5250000 KHz @ 80000 KHz, 160000 KHz AUTO), (N/A, 2000 mBm), (N/A)
[   12.750000] cfg80211:   (5250000 KHz - 5330000 KHz @ 80000 KHz, 160000 KHz AUTO), (N/A, 2000 mBm), (0 s)
[   12.760000] cfg80211:   (5490000 KHz - 5730000 KHz @ 160000 KHz), (N/A, 2000 mBm), (0 s)
[   12.770000] cfg80211:   (5735000 KHz - 5835000 KHz @ 80000 KHz), (N/A, 2000 mBm), (N/A)
[   12.780000] cfg80211:   (57240000 KHz - 63720000 KHz @ 2160000 KHz), (N/A, 0 mBm), (N/A)
[   12.820000] PPP generic driver version 2.4.2
[   12.840000] NET: Registered protocol family 24
[   12.920000] cfg80211: Regulatory domain changed to country: US
[   12.930000] cfg80211:  DFS Master region: FCC
[   12.930000] cfg80211:   (start_freq - end_freq @ bandwidth), (max_antenna_gain, max_eirp), (dfs_cac_time)
[   12.940000] cfg80211:   (2402000 KHz - 2472000 KHz @ 40000 KHz), (N/A, 3000 mBm), (N/A)
[   12.950000] cfg80211:   (5170000 KHz - 5250000 KHz @ 80000 KHz, 160000 KHz AUTO), (N/A, 1700 mBm), (N/A)
[   12.960000] cfg80211:   (5250000 KHz - 5330000 KHz @ 80000 KHz, 160000 KHz AUTO), (N/A, 2400 mBm), (0 s)
[   12.970000] cfg80211:   (5490000 KHz - 5730000 KHz @ 160000 KHz), (N/A, 2400 mBm), (0 s)
[   12.980000] cfg80211:   (5735000 KHz - 5835000 KHz @ 80000 KHz), (N/A, 3000 mBm), (N/A)
[   12.990000] cfg80211:   (57240000 KHz - 63720000 KHz @ 2160000 KHz), (N/A, 4000 mBm), (N/A)
[   13.000000] ieee80211 phy0: Atheros AR9531 Rev:2 mem=0xb8100000, irq=47
[   23.110000] IPv6: ADDRCONF(NETDEV_UP): eth1: link is not ready
[   23.250000] usb 1-1: new full-speed USB device number 2 using ehci-platform
[   23.410000] usb 1-1: No LPM exit latency info found.  Power management will be impacted.
[   23.450000] cdc_acm 1-1:1.0: ttyACM0: USB ACM device
[   23.620000] random: nonblocking pool is initialized
procd: - init complete -
[   26.670000] usb 1-1: USB disconnect, device number 2
[   28.010000] usb 1-1: new full-speed USB device number 3 using ehci-platform
[   28.160000] usb 1-1: No LPM exit latency info found.  Power management will be impacted.
[   28.180000] cdc_acm 1-1:1.0: ttyACM0: USB ACM device
[   35.830000] jffs2: warning: (971) jffs2_sum_write_data: Not enough space for summary, padsize = -1704
